Drawable.hpp:121:18:virtual void touchgfx::Drawable::invalidateContent() const	0	static
Drawable.hpp:315:18:virtual void touchgfx::Drawable::setX(int16_t)	0	static
Drawable.hpp:327:18:virtual void touchgfx::Drawable::setY(int16_t)	0	static
Drawable.hpp:356:18:virtual void touchgfx::Drawable::setWidth(int16_t)	0	static
Drawable.hpp:368:18:virtual void touchgfx::Drawable::setHeight(int16_t)	0	static
Drawable.hpp:378:18:virtual void touchgfx::Drawable::childGeometryChanged()	0	static
Drawable.hpp:389:18:virtual void touchgfx::Drawable::handleClickEvent(const touchgfx::ClickEvent&)	0	static
Drawable.hpp:401:18:virtual void touchgfx::Drawable::handleGestureEvent(const touchgfx::GestureEvent&)	0	static
Drawable.hpp:490:18:virtual void touchgfx::Drawable::handleDragEvent(const touchgfx::DragEvent&)	0	static
Drawable.hpp:501:18:virtual void touchgfx::Drawable::handleTickEvent()	0	static
Drawable.hpp:588:18:virtual void touchgfx::Drawable::moveTo(int16_t, int16_t)	4	static
Container.hpp:165:23:virtual touchgfx::Drawable* touchgfx::Container::getFirstChild()	0	static
MainWheelIconBase.cpp:25:1:MainWheelIconBase::~MainWheelIconBase()	0	static
MainWheelIconBase.cpp:30:6:virtual void MainWheelIconBase::initialize()	0	static
MainWheelIconBase.cpp:25:1:virtual MainWheelIconBase::~MainWheelIconBase()	8	static
MainWheelIconBase.cpp:7:1:MainWheelIconBase::MainWheelIconBase()	40	static
