../../Middlewares/ST/touchgfx/framework/include/touchgfx/Screen.hpp:104:18:virtual void touchgfx::Screen::afterTransition()	0	static
../../Middlewares/ST/touchgfx/framework/include/touchgfx/Screen.hpp:115:18:virtual void touchgfx::Screen::tearDownScreen()	0	static
../../Middlewares/ST/touchgfx/framework/include/touchgfx/Screen.hpp:154:18:virtual void touchgfx::Screen::handleKeyEvent(uint8_t)	0	static
../../TouchGFX/generated/gui_generated/include/gui_generated/dashboard_screen/DashboardViewBase.hpp:35:18:virtual void DashboardViewBase::goToMain()	0	static
../../TouchGFX/gui/include/gui/dashboard_screen/DashboardView.hpp:83:7:DashboardView::~DashboardView()	8	static
../../TouchGFX/gui/include/gui/dashboard_screen/DashboardView.hpp:83:7:virtual DashboardView::~DashboardView()	8	static
../../Middlewares/ST/touchgfx/framework/include/touchgfx/widgets/TextureMapper.hpp:612:18:virtual void touchgfx::TextureMapper::invalidateContent() const	16	static
D:/Haish_work/2024/test3/MyApplication/TouchGFX/gui/src/dashboard_screen/DashboardView.cpp:63:6:void DashboardView::clamp(float&, float, float)	0	static
D:/Haish_work/2024/test3/MyApplication/TouchGFX/gui/src/dashboard_screen/DashboardView.cpp:669:6:virtual void DashboardView::handleDragEvent(const touchgfx::DragEvent&)	32	static
D:/Haish_work/2024/test3/MyApplication/TouchGFX/gui/src/dashboard_screen/DashboardView.cpp:442:7:float sineEaseInOutf(float)	8	static
D:/Haish_work/2024/test3/MyApplication/TouchGFX/gui/src/dashboard_screen/DashboardView.cpp:447:8:double interpolate(double, double, double)	24	static
D:/Haish_work/2024/test3/MyApplication/TouchGFX/gui/src/dashboard_screen/DashboardView.cpp:457:7:float easeInOutSine(float)	16	static
D:/Haish_work/2024/test3/MyApplication/TouchGFX/gui/src/dashboard_screen/DashboardView.cpp:461:7:float easeInQuart(float)	0	static
D:/Haish_work/2024/test3/MyApplication/TouchGFX/gui/src/dashboard_screen/DashboardView.cpp:465:7:float easeInOutQuint(float)	8	static
D:/Haish_work/2024/test3/MyApplication/TouchGFX/gui/src/dashboard_screen/DashboardView.cpp:469:7:float easeOutSine(float)	0	static
D:/Haish_work/2024/test3/MyApplication/TouchGFX/gui/src/dashboard_screen/DashboardView.cpp:473:7:float easeInOutBack(float)	24	static
D:/Haish_work/2024/test3/MyApplication/TouchGFX/gui/src/dashboard_screen/DashboardView.cpp:484:7:float easeOutQuart(float)	8	static
D:/Haish_work/2024/test3/MyApplication/TouchGFX/gui/src/dashboard_screen/DashboardView.cpp:736:6:bool Battery::update(float)	0	static
D:/Haish_work/2024/test3/MyApplication/TouchGFX/gui/src/dashboard_screen/DashboardView.cpp:770:7:float Speedometer::computeVelocity(float) const	8	static
D:/Haish_work/2024/test3/MyApplication/TouchGFX/gui/src/dashboard_screen/DashboardView.cpp:777:6:bool Speedometer::update(float)	8	static
D:/Haish_work/2024/test3/MyApplication/TouchGFX/gui/src/dashboard_screen/DashboardView.cpp:793:7:float Units::metersToFeet(float)	0	static
D:/Haish_work/2024/test3/MyApplication/TouchGFX/gui/src/dashboard_screen/DashboardView.cpp:799:7:float Units::kmhToMph(float)	0	static
D:/Haish_work/2024/test3/MyApplication/TouchGFX/gui/src/dashboard_screen/DashboardView.cpp:806:6:bool ElevationSimulation::update(float)	8	static
D:/Haish_work/2024/test3/MyApplication/TouchGFX/gui/src/dashboard_screen/DashboardView.cpp:113:7:void DashboardView::updateBatteryUserDefine()	32	static
D:/Haish_work/2024/test3/MyApplication/TouchGFX/gui/src/dashboard_screen/DashboardView.cpp:296:6:void DashboardView::updateBattery()	32	static
D:/Haish_work/2024/test3/MyApplication/TouchGFX/gui/src/dashboard_screen/DashboardView.cpp:321:6:void DashboardView::updateElevation()	32	static
D:/Haish_work/2024/test3/MyApplication/TouchGFX/gui/src/dashboard_screen/DashboardView.cpp:490:6:void DashboardView::updateSpeedometer(float)	64	static
D:/Haish_work/2024/test3/MyApplication/TouchGFX/gui/src/dashboard_screen/DashboardView.cpp:352:6:void DashboardView::update()	8	static
D:/Haish_work/2024/test3/MyApplication/TouchGFX/gui/src/dashboard_screen/DashboardView.cpp:75:6:virtual void DashboardView::setupScreen()	24	static
D:/Haish_work/2024/test3/MyApplication/TouchGFX/gui/src/dashboard_screen/DashboardView.cpp:662:6:virtual void DashboardView::handleTickEvent()	8	static
D:/Haish_work/2024/test3/MyApplication/TouchGFX/gui/src/dashboard_screen/DashboardView.cpp:712:6:virtual void DashboardView::selectKmh()	0	static
D:/Haish_work/2024/test3/MyApplication/TouchGFX/gui/src/dashboard_screen/DashboardView.cpp:725:6:virtual void DashboardView::selectMiles()	0	static
