D:/Haish_work/2024/test3/MyApplication/Core/Src/main.c:115:6:HAL_FDCAN_RxFifo0Callback	80	static
D:/Haish_work/2024/test3/MyApplication/Core/Src/main.c:184:6:can_init	8	static
D:/Haish_work/2024/test3/MyApplication/Core/Src/main.c:224:6:can_frame_gen	4	static
D:/Haish_work/2024/test3/MyApplication/Core/Src/main.c:249:6:can_send	8	static
D:/Haish_work/2024/test3/MyApplication/Core/Src/main.c:262:6:can_receive_configure	32	static
D:/Haish_work/2024/test3/MyApplication/Core/Src/main.c:299:5:main	8	static
D:/Haish_work/2024/test3/MyApplication/Core/Src/main.c:396:6:SystemClock_Config	128	static
D:/Haish_work/2024/test3/MyApplication/Core/Src/main.c:451:6:PeriphCommonClock_Config	232	static
D:/Haish_work/2024/test3/MyApplication/Core/Src/main.c:479:13:SystemPower_Config	8	static
D:/Haish_work/2024/test3/MyApplication/Core/Src/main.c:503:13:MX_CRC_Init	8	static
D:/Haish_work/2024/test3/MyApplication/Core/Src/main.c:534:13:MX_DCACHE1_Init	8	static
D:/Haish_work/2024/test3/MyApplication/Core/Src/main.c:562:13:MX_DCACHE2_Init	8	static
D:/Haish_work/2024/test3/MyApplication/Core/Src/main.c:590:13:MX_DMA2D_Init	8	static
D:/Haish_work/2024/test3/MyApplication/Core/Src/main.c:621:13:MX_DSIHOST_DSI_Init	424	static
D:/Haish_work/2024/test3/MyApplication/Core/Src/main.c:742:13:MX_GPU2D_Init	8	static
D:/Haish_work/2024/test3/MyApplication/Core/Src/main.c:768:13:MX_HSPI1_Init	16	static
D:/Haish_work/2024/test3/MyApplication/Core/Src/main.c:832:13:MX_ICACHE_Init	8	static
D:/Haish_work/2024/test3/MyApplication/Core/Src/main.c:864:13:MX_LTDC_Init	416	static
D:/Haish_work/2024/test3/MyApplication/Core/Src/main.c:1091:13:MX_OCTOSPI1_Init	56	static
D:/Haish_work/2024/test3/MyApplication/Core/Src/main.c:1169:13:MX_TIM8_Init	120	static
D:/Haish_work/2024/test3/MyApplication/Core/Src/main.c:1251:13:MX_GPIO_Init	56	static
D:/Haish_work/2024/test3/MyApplication/Core/Src/main.c:1341:6:HAL_TIM_PeriodElapsedCallback	16	static
D:/Haish_work/2024/test3/MyApplication/Core/Src/main.c:1358:6:Error_Handler	4	static,ignoring_inline_asm
