D:/Haish_work/2024/test3/MyApplication/Core/Src/stm32u5xx_hal_msp.c:65:6:HAL_MspInit	16	static
D:/Haish_work/2024/test3/MyApplication/Core/Src/stm32u5xx_hal_msp.c:88:6:HAL_CRC_MspInit	24	static
D:/Haish_work/2024/test3/MyApplication/Core/Src/stm32u5xx_hal_msp.c:110:6:HAL_CRC_MspDeInit	16	static
D:/Haish_work/2024/test3/MyApplication/Core/Src/stm32u5xx_hal_msp.c:132:6:HAL_DCACHE_MspInit	24	static
D:/Haish_work/2024/test3/MyApplication/Core/Src/stm32u5xx_hal_msp.c:165:6:HAL_DCACHE_MspDeInit	16	static
D:/Haish_work/2024/test3/MyApplication/Core/Src/stm32u5xx_hal_msp.c:198:6:HAL_DMA2D_MspInit	24	static
D:/Haish_work/2024/test3/MyApplication/Core/Src/stm32u5xx_hal_msp.c:223:6:HAL_DMA2D_MspDeInit	16	static
D:/Haish_work/2024/test3/MyApplication/Core/Src/stm32u5xx_hal_msp.c:248:6:HAL_DSI_MspInit	24	static
D:/Haish_work/2024/test3/MyApplication/Core/Src/stm32u5xx_hal_msp.c:270:6:HAL_DSI_MspDeInit	16	static
D:/Haish_work/2024/test3/MyApplication/Core/Src/stm32u5xx_hal_msp.c:292:6:HAL_GPU2D_MspInit	32	static
D:/Haish_work/2024/test3/MyApplication/Core/Src/stm32u5xx_hal_msp.c:321:6:HAL_GPU2D_MspDeInit	16	static
D:/Haish_work/2024/test3/MyApplication/Core/Src/stm32u5xx_hal_msp.c:348:6:HAL_XSPI_MspInit	264	static
D:/Haish_work/2024/test3/MyApplication/Core/Src/stm32u5xx_hal_msp.c:434:6:HAL_XSPI_MspDeInit	16	static
D:/Haish_work/2024/test3/MyApplication/Core/Src/stm32u5xx_hal_msp.c:488:6:HAL_LTDC_MspInit	24	static
D:/Haish_work/2024/test3/MyApplication/Core/Src/stm32u5xx_hal_msp.c:515:6:HAL_LTDC_MspDeInit	16	static
D:/Haish_work/2024/test3/MyApplication/Core/Src/stm32u5xx_hal_msp.c:541:6:HAL_OSPI_MspInit	240	static
D:/Haish_work/2024/test3/MyApplication/Core/Src/stm32u5xx_hal_msp.c:576:6:HAL_OSPI_MspDeInit	16	static
D:/Haish_work/2024/test3/MyApplication/Core/Src/stm32u5xx_hal_msp.c:599:6:HAL_TIM_Base_MspInit	24	static
D:/Haish_work/2024/test3/MyApplication/Core/Src/stm32u5xx_hal_msp.c:615:6:HAL_TIM_MspPostInit	40	static
D:/Haish_work/2024/test3/MyApplication/Core/Src/stm32u5xx_hal_msp.c:647:6:HAL_TIM_Base_MspDeInit	16	static
