D:/Haish_work/2024/test3/MyApplication/Drivers/BSP/STM32U5x9J-DK/stm32u5x9j_discovery_ospi.c:138:9:BSP_OSPI_NOR_Init	96	static,ignoring_inline_asm
D:/Haish_work/2024/test3/MyApplication/Drivers/BSP/STM32U5x9J-DK/stm32u5x9j_discovery_ospi.c:222:9:BSP_OSPI_NOR_DeInit	24	static
D:/Haish_work/2024/test3/MyApplication/Drivers/BSP/STM32U5x9J-DK/stm32u5x9j_discovery_ospi.c:272:26:MX_OSPI_NOR_Init	16	static
D:/Haish_work/2024/test3/MyApplication/Drivers/BSP/STM32U5x9J-DK/stm32u5x9j_discovery_ospi.c:385:9:BSP_OSPI_NOR_Read	40	static
D:/Haish_work/2024/test3/MyApplication/Drivers/BSP/STM32U5x9J-DK/stm32u5x9j_discovery_ospi.c:433:9:BSP_OSPI_NOR_Write	64	static
D:/Haish_work/2024/test3/MyApplication/Drivers/BSP/STM32U5x9J-DK/stm32u5x9j_discovery_ospi.c:530:9:BSP_OSPI_NOR_Erase_Block	48	static
D:/Haish_work/2024/test3/MyApplication/Drivers/BSP/STM32U5x9J-DK/stm32u5x9j_discovery_ospi.c:573:9:BSP_OSPI_NOR_Erase_Chip	32	static
D:/Haish_work/2024/test3/MyApplication/Drivers/BSP/STM32U5x9J-DK/stm32u5x9j_discovery_ospi.c:615:9:BSP_OSPI_NOR_GetStatus	32	static
D:/Haish_work/2024/test3/MyApplication/Drivers/BSP/STM32U5x9J-DK/stm32u5x9j_discovery_ospi.c:665:9:BSP_OSPI_NOR_GetInfo	24	static
D:/Haish_work/2024/test3/MyApplication/Drivers/BSP/STM32U5x9J-DK/stm32u5x9j_discovery_ospi.c:688:9:BSP_OSPI_NOR_EnableMemoryMappedMode	24	static
D:/Haish_work/2024/test3/MyApplication/Drivers/BSP/STM32U5x9J-DK/stm32u5x9j_discovery_ospi.c:735:9:BSP_OSPI_NOR_DisableMemoryMappedMode	24	static
D:/Haish_work/2024/test3/MyApplication/Drivers/BSP/STM32U5x9J-DK/stm32u5x9j_discovery_ospi.c:788:9:BSP_OSPI_NOR_ReadID	32	static
D:/Haish_work/2024/test3/MyApplication/Drivers/BSP/STM32U5x9J-DK/stm32u5x9j_discovery_ospi.c:820:9:BSP_OSPI_NOR_ConfigFlash	24	static
D:/Haish_work/2024/test3/MyApplication/Drivers/BSP/STM32U5x9J-DK/stm32u5x9j_discovery_ospi.c:902:9:BSP_OSPI_NOR_SuspendErase	32	static
D:/Haish_work/2024/test3/MyApplication/Drivers/BSP/STM32U5x9J-DK/stm32u5x9j_discovery_ospi.c:939:9:BSP_OSPI_NOR_ResumeErase	32	static
D:/Haish_work/2024/test3/MyApplication/Drivers/BSP/STM32U5x9J-DK/stm32u5x9j_discovery_ospi.c:981:9:BSP_OSPI_NOR_EnterDeepPowerDown	32	static
D:/Haish_work/2024/test3/MyApplication/Drivers/BSP/STM32U5x9J-DK/stm32u5x9j_discovery_ospi.c:1011:9:BSP_OSPI_NOR_LeaveDeepPowerDown	32	static
D:/Haish_work/2024/test3/MyApplication/Drivers/BSP/STM32U5x9J-DK/stm32u5x9j_discovery_ospi.c:1051:16:OSPI_DLYB_Enable	40	static
D:/Haish_work/2024/test3/MyApplication/Drivers/BSP/STM32U5x9J-DK/stm32u5x9j_discovery_ospi.c:1095:13:OSPI_NOR_MspInit	88	static
D:/Haish_work/2024/test3/MyApplication/Drivers/BSP/STM32U5x9J-DK/stm32u5x9j_discovery_ospi.c:1209:13:OSPI_NOR_MspDeInit	16	static
D:/Haish_work/2024/test3/MyApplication/Drivers/BSP/STM32U5x9J-DK/stm32u5x9j_discovery_ospi.c:1229:16:OSPI_NOR_ResetMemory	24	static
D:/Haish_work/2024/test3/MyApplication/Drivers/BSP/STM32U5x9J-DK/stm32u5x9j_discovery_ospi.c:1287:16:OSPI_NOR_EnterDOPIMode	40	static
D:/Haish_work/2024/test3/MyApplication/Drivers/BSP/STM32U5x9J-DK/stm32u5x9j_discovery_ospi.c:1366:16:OSPI_NOR_EnterSOPIMode	40	static
D:/Haish_work/2024/test3/MyApplication/Drivers/BSP/STM32U5x9J-DK/stm32u5x9j_discovery_ospi.c:1438:16:OSPI_NOR_ExitOPIMode	40	static
