../../TouchGFX/Target/STM32TouchController.hpp:38:7:STM32TouchController::~STM32TouchController()	0	static
../../TouchGFX/Target/STM32TouchController.hpp:38:7:virtual STM32TouchController::~STM32TouchController()	8	static
D:/Haish_work/2024/test3/MyApplication/TouchGFX/Target/STM32TouchController.cpp:65:6:virtual bool STM32TouchController::sampleTouch(int32_t&, int32_t&)	8	static
D:/Haish_work/2024/test3/MyApplication/TouchGFX/Target/STM32TouchController.cpp:34:6:virtual void STM32TouchController::init()	24	static
D:/Haish_work/2024/test3/MyApplication/TouchGFX/Target/STM32TouchController.cpp:51:17:void HAL_GPIO_EXTI_Falling_Callback(uint16_t)	8	static
