D:/Haish_work/2024/test3/MyApplication/TouchGFX/Target/TouchGFXGPIO.cpp:47:6:static void touchgfx::GPIO::init()	0	static
D:/Haish_work/2024/test3/MyApplication/TouchGFX/Target/TouchGFXGPIO.cpp:55:6:static void touchgfx::GPIO::set(touchgfx::GPIO::GPIO_ID)	0	static
D:/Haish_work/2024/test3/MyApplication/TouchGFX/Target/TouchGFXGPIO.cpp:85:6:static void touchgfx::GPIO::clear(touchgfx::GPIO::GPIO_ID)	0	static
D:/Haish_work/2024/test3/MyApplication/TouchGFX/Target/TouchGFXGPIO.cpp:115:6:static void touchgfx::GPIO::toggle(touchgfx::GPIO::GPIO_ID)	0	static
D:/Haish_work/2024/test3/MyApplication/TouchGFX/Target/TouchGFXGPIO.cpp:145:6:static bool touchgfx::GPIO::get(touchgfx::GPIO::GPIO_ID)	8	static
